\nUSSR	8649	275	Asia:
                    0
\nCanada	3852	25	North America:
                    0
\nChina	3705	1032	Asia:
                    0
\nUSA	3615	237	North America:
                    0
\nBrazil	3286	134	South America:
                    0
\nIndia	1267	746	Asia:
                    0
\nMexico	762	78	North America:
                    0
\nFrance	211	55	Europe:
                    0
\nJapan	144	120	Asia:
                    0
\nGermany	96	61	Europe:
                    0
\nEngland	94	56	Europe:
                    0
