
USSR	8649	275	Asia:
	                0
	total     	      0

Canada	3852	25	North America:
	                0
	total     	      0

China	3705	1032	Asia:
	                0
	total     	      0

USA	3615	237	North America:
	                0
	total     	      0

Brazil	3286	134	South America:
	                0
	total     	      0

India	1267	746	Asia:
	                0
	total     	      0

Mexico	762	78	North America:
	                0
	total     	      0

France	211	55	Europe:
	                0
	total     	      0

Japan	144	120	Asia:
	                0
	total     	      0

Germany	96	61	Europe:
	                0
	total     	      0

England	94	56	Europe:
	                0
	total     	      0

World Total		      0
